// Jest Snapshot v1, https://goo.gl/fbAQLP

exports[`RoundButton snapshot renders the loading screen 1`] = `
<View
  accessible={true}
  isTVSelectable={true}
  onResponderGrant={[Function]}
  onResponderMove={[Function]}
  onResponderRelease={[Function]}
  onResponderTerminate={[Function]}
  onResponderTerminationRequest={[Function]}
  onStartShouldSetResponder={[Function]}
  style={
    Object {
      "alignItems": "center",
      "backgroundColor": "dodgerblue",
      "borderRadius": 100,
      "justifyContent": "center",
      "opacity": 1,
      "paddingHorizontal": 12,
      "paddingVertical": 8,
    }
  }
>
  <Text
    style={
      Object {
        "color": "white",
      }
    }
  >
    Hello World!
  </Text>
</View>
`;
